#-----------------------------------------------------------
# Vivado v2022.1 (64-bit)
# SW Build 3526262 on Mon Apr 18 15:48:16 MDT 2022
# IP Build 3524634 on Mon Apr 18 20:55:01 MDT 2022
# Start of session at: Thu Feb  9 12:13:50 2023
# Process ID: 376
# Current directory: E:/Research/Ethernet1G/zcu102_v2_egdesign/gig_ethernet_pcs_pma_0_ex/gig_ethernet_pcs_pma_0_ex.runs/gtwizard_ultrascale_0_synth_1
# Command line: vivado.exe -log gtwizard_ultrascale_0.vds -product Vivado -mode batch -messageDb vivado.pb -notrace -source gtwizard_ultrascale_0.tcl
# Log file: E:/Research/Ethernet1G/zcu102_v2_egdesign/gig_ethernet_pcs_pma_0_ex/gig_ethernet_pcs_pma_0_ex.runs/gtwizard_ultrascale_0_synth_1/gtwizard_ultrascale_0.vds
# Journal file: E:/Research/Ethernet1G/zcu102_v2_egdesign/gig_ethernet_pcs_pma_0_ex/gig_ethernet_pcs_pma_0_ex.runs/gtwizard_ultrascale_0_synth_1\vivado.jou
# Running On: LAPTOP-7UM5MEUP, OS: Windows, CPU Frequency: 2895 MHz, CPU Physical cores: 16, Host memory: 16556 MB
#-----------------------------------------------------------
source gtwizard_ultrascale_0.tcl -notrace
